// Jest Snapshot v1, https://goo.gl/fbAQLP

exports[`device module should match the snapshot 1`] = `ShallowWrapper {}`;
